\BOOKMARK [1][-]{section.1}{介绍}{}% 1
\BOOKMARK [1][-]{section.2}{设计}{}% 2
\BOOKMARK [2][-]{subsection.2.1}{前端}{section.2}% 3
\BOOKMARK [2][-]{subsection.2.2}{后端}{section.2}% 4
\BOOKMARK [2][-]{subsection.2.3}{数据库}{section.2}% 5
\BOOKMARK [1][-]{section.3}{实现}{}% 6
\BOOKMARK [1][-]{section.4}{预算}{}% 7
